
Map of Debug\fridgetemperatureregulator.sm8 from link file Debug\fridgetemperatureregulator.lkf - Mon Feb 06 19:00:16 2023


                               --------
                               Segments
                               --------

start 00008080 end 0000809c length    28 segment .const
start 000080aa end 00008a60 length  2486 segment .text
start 00004000 end 00004000 length     0 segment .eeprom
start 00000000 end 00000006 length     6 segment .bsct, initialized
start 000080a4 end 000080aa length     6 segment .bsct, from
start 00000006 end 00000012 length    12 segment .ubsct
start 00000012 end 00000012 length     0 segment .bit
start 00000012 end 00000012 length     0 segment .share
start 00000100 end 00000100 length     0 segment .data
start 00000100 end 00000100 length     0 segment .bss
start 00000000 end 000006d8 length  1752 segment .info.
start 00000000 end 00008d75 length 36213 segment .debug
start 00008000 end 00008080 length   128 segment .const
start 0000809c end 000080a4 length     8 segment .init


                               -------
                               Modules
                               -------

C:\Program Files (x86)\COSMIC\CXSTM8_EVAL\Lib\crtsi0.sm8:
start 000080aa end 000080f5 length    75 section .text
start 00000100 end 00000100 length     0 section .bss
start 00000006 end 00000006 length     0 section .ubsct
start 00000000 end 00000030 length    48 section .info.

Debug\stm8s_adc1.o:
start 00000000 end 000015f1 length  5617 section .debug
start 00000030 end 000000b3 length   131 section .info.
start 000080f5 end 00008126 length    49 section .text
start 00008126 end 00008150 length    42 section .text
start 00008150 end 0000815e length    14 section .text
start ******** end ******** length     0 section .text *** removed ***
start ******** end ******** length     0 section .text *** removed ***
start ******** end ******** length     0 section .text *** removed ***
start 0000815e end 00008171 length    19 section .text
start 00008171 end 000081ff length   142 section .text
start 000081ff end 0000822d length    46 section .text
start 0000822d end 0000824e length    33 section .text
start 0000824e end 00008253 length     5 section .text
start 00008253 end 00008297 length    68 section .text
start ******** end ******** length     0 section .text *** removed ***
start ******** end ******** length     0 section .text *** removed ***
start ******** end ******** length     0 section .text *** removed ***
start ******** end ******** length     0 section .text *** removed ***
start ******** end ******** length     0 section .text *** removed ***
start ******** end ******** length     0 section .text *** removed ***
start ******** end ******** length     0 section .text *** removed ***
start ******** end ******** length     0 section .text *** removed ***
start ******** end ******** length     0 section .text *** removed ***

Debug\stm8s_clk.o:
start 000015f1 end 00002c60 length  5743 section .debug
start 000000b3 end 00000135 length   130 section .info.
start 00008080 end 0000808c length    12 section .const
start ******** end ******** length     0 section .text *** removed ***
start ******** end ******** length     0 section .text *** removed ***
start ******** end ******** length     0 section .text *** removed ***
start ******** end ******** length     0 section .text *** removed ***
start ******** end ******** length     0 section .text *** removed ***
start ******** end ******** length     0 section .text *** removed ***
start ******** end ******** length     0 section .text *** removed ***
start ******** end ******** length     0 section .text *** removed ***
start ******** end ******** length     0 section .text *** removed ***
start ******** end ******** length     0 section .text *** removed ***
start 00008297 end 000082aa length    19 section .text
start ******** end ******** length     0 section .text *** removed ***
start ******** end ******** length     0 section .text *** removed ***
start ******** end ******** length     0 section .text *** removed ***
start ******** end ******** length     0 section .text *** removed ***
start ******** end ******** length     0 section .text *** removed ***
start ******** end ******** length     0 section .text *** removed ***
start 000082aa end 0000831e length   116 section .text
start ******** end ******** length     0 section .text *** removed ***
start ******** end ******** length     0 section .text *** removed ***
start ******** end ******** length     0 section .text *** removed ***
start ******** end ******** length     0 section .text *** removed ***
start ******** end ******** length     0 section .text *** removed ***

Debug\stm8s_gpio.o:
start 00002c60 end 0000366a length  2570 section .debug
start 00000135 end 000001b8 length   131 section .info.
start ******** end ******** length     0 section .text *** removed ***
start 0000831e end 00008386 length   104 section .text
start ******** end ******** length     0 section .text *** removed ***
start 00008386 end 0000838d length     7 section .text
start 0000838d end 00008395 length     8 section .text
start ******** end ******** length     0 section .text *** removed ***
start ******** end ******** length     0 section .text *** removed ***
start ******** end ******** length     0 section .text *** removed ***
start ******** end ******** length     0 section .text *** removed ***
start ******** end ******** length     0 section .text *** removed ***

Debug\stm8s_tim1.o:
start 0000366a end 000075f4 length 16266 section .debug
start 000001b8 end 0000023b length   131 section .info.
start 00008395 end 0000842e length   153 section .text
start 0000842e end 00008452 length    36 section .text
start ******** end ******** length     0 section .text *** removed ***
start ******** end ******** length     0 section .text *** removed ***
start ******** end ******** length     0 section .text *** removed ***
start ******** end ******** length     0 section .text *** removed ***
start ******** end ******** length     0 section .text *** removed ***
start ******** end ******** length     0 section .text *** removed ***
start ******** end ******** length     0 section .text *** removed ***
start 00008452 end 00008460 length    14 section .text
start ******** end ******** length     0 section .text *** removed ***
start 00008460 end 00008479 length    25 section .text
start ******** end ******** length     0 section .text *** removed ***
start ******** end ******** length     0 section .text *** removed ***
start ******** end ******** length     0 section .text *** removed ***
start ******** end ******** length     0 section .text *** removed ***
start ******** end ******** length     0 section .text *** removed ***
start ******** end ******** length     0 section .text *** removed ***
start ******** end ******** length     0 section .text *** removed ***
start ******** end ******** length     0 section .text *** removed ***
start ******** end ******** length     0 section .text *** removed ***
start ******** end ******** length     0 section .text *** removed ***
start ******** end ******** length     0 section .text *** removed ***
start ******** end ******** length     0 section .text *** removed ***
start ******** end ******** length     0 section .text *** removed ***
start ******** end ******** length     0 section .text *** removed ***
start ******** end ******** length     0 section .text *** removed ***
start ******** end ******** length     0 section .text *** removed ***
start ******** end ******** length     0 section .text *** removed ***
start ******** end ******** length     0 section .text *** removed ***
start ******** end ******** length     0 section .text *** removed ***
start ******** end ******** length     0 section .text *** removed ***
start ******** end ******** length     0 section .text *** removed ***
start ******** end ******** length     0 section .text *** removed ***
start ******** end ******** length     0 section .text *** removed ***
start ******** end ******** length     0 section .text *** removed ***
start ******** end ******** length     0 section .text *** removed ***
start ******** end ******** length     0 section .text *** removed ***
start ******** end ******** length     0 section .text *** removed ***
start ******** end ******** length     0 section .text *** removed ***
start ******** end ******** length     0 section .text *** removed ***
start ******** end ******** length     0 section .text *** removed ***
start ******** end ******** length     0 section .text *** removed ***
start ******** end ******** length     0 section .text *** removed ***
start ******** end ******** length     0 section .text *** removed ***
start ******** end ******** length     0 section .text *** removed ***
start ******** end ******** length     0 section .text *** removed ***
start ******** end ******** length     0 section .text *** removed ***
start ******** end ******** length     0 section .text *** removed ***
start ******** end ******** length     0 section .text *** removed ***
start ******** end ******** length     0 section .text *** removed ***
start ******** end ******** length     0 section .text *** removed ***
start ******** end ******** length     0 section .text *** removed ***
start ******** end ******** length     0 section .text *** removed ***
start ******** end ******** length     0 section .text *** removed ***
start ******** end ******** length     0 section .text *** removed ***
start ******** end ******** length     0 section .text *** removed ***
start ******** end ******** length     0 section .text *** removed ***
start ******** end ******** length     0 section .text *** removed ***
start ******** end ******** length     0 section .text *** removed ***
start ******** end ******** length     0 section .text *** removed ***
start ******** end ******** length     0 section .text *** removed ***
start ******** end ******** length     0 section .text *** removed ***
start ******** end ******** length     0 section .text *** removed ***
start ******** end ******** length     0 section .text *** removed ***
start ******** end ******** length     0 section .text *** removed ***
start ******** end ******** length     0 section .text *** removed ***
start ******** end ******** length     0 section .text *** removed ***
start ******** end ******** length     0 section .text *** removed ***
start ******** end ******** length     0 section .text *** removed ***
start ******** end ******** length     0 section .text *** removed ***
start ******** end ******** length     0 section .text *** removed ***
start ******** end ******** length     0 section .text *** removed ***
start 00008479 end 0000847e length     5 section .text
start ******** end ******** length     0 section .text *** removed ***
start ******** end ******** length     0 section .text *** removed ***
start ******** end ******** length     0 section .text *** removed ***
start ******** end ******** length     0 section .text *** removed ***

Debug\stm8s_uart1.o:
start 000075f4 end 000089e0 length  5100 section .debug
start 0000023b end 000002bf length   132 section .info.
start 0000847e end 000084a9 length    43 section .text
start 0000808c end 00008090 length     4 section .const
start 000084a9 end 000085e9 length   320 section .text
start 000085e9 end 000085f7 length    14 section .text
start 000085f7 end 00008668 length   113 section .text
start ******** end ******** length     0 section .text *** removed ***
start ******** end ******** length     0 section .text *** removed ***
start ******** end ******** length     0 section .text *** removed ***
start ******** end ******** length     0 section .text *** removed ***
start ******** end ******** length     0 section .text *** removed ***
start ******** end ******** length     0 section .text *** removed ***
start ******** end ******** length     0 section .text *** removed ***
start ******** end ******** length     0 section .text *** removed ***
start ******** end ******** length     0 section .text *** removed ***
start 00008668 end 0000866c length     4 section .text
start ******** end ******** length     0 section .text *** removed ***
start 0000866c end 00008670 length     4 section .text
start ******** end ******** length     0 section .text *** removed ***
start ******** end ******** length     0 section .text *** removed ***
start ******** end ******** length     0 section .text *** removed ***
start ******** end ******** length     0 section .text *** removed ***
start ******** end ******** length     0 section .text *** removed ***
start 00008670 end 000086b3 length    67 section .text
start ******** end ******** length     0 section .text *** removed ***
start ******** end ******** length     0 section .text *** removed ***
start 000086b3 end 000086c3 length    16 section .text

Debug\main.o:
start 00000000 end 00000006 length     6 section .bsct
start 00000006 end 00000008 length     2 section .ubsct
start 000089e0 end 00008c0a length   554 section .debug
start 000002bf end 0000033c length   125 section .info.
start 000086c3 end 000086d4 length    17 section .text
start 000086d4 end 000086fe length    42 section .text
start 00008090 end 0000809c length    12 section .const
start 000086fe end 000087f7 length   249 section .text
start 000087f7 end 0000886f length   120 section .text

(C:\Program Files (x86)\COSMIC\CXSTM8_EVAL\Lib\libm0.sm8)lcmp.o:
start 0000886f end 0000888f length    32 section .text
start 0000033c end 0000036b length    47 section .info.

(C:\Program Files (x86)\COSMIC\CXSTM8_EVAL\Lib\libm0.sm8)lgadc.o:
start 0000888f end 0000889f length    16 section .text
start 0000036b end 0000039b length    48 section .info.

(C:\Program Files (x86)\COSMIC\CXSTM8_EVAL\Lib\libm0.sm8)llsh.o:
start 0000889f end 000088ae length    15 section .text
start 0000039b end 000003ca length    47 section .info.

(C:\Program Files (x86)\COSMIC\CXSTM8_EVAL\Lib\libm0.sm8)lreg.o:
start 00000008 end 0000000c length     4 section .ubsct
start 000003ca end 000003f9 length    47 section .info.

(C:\Program Files (x86)\COSMIC\CXSTM8_EVAL\Lib\libm0.sm8)lsub.o:
start 000088ae end 000088c6 length    24 section .text
start 000003f9 end 00000428 length    47 section .info.

(C:\Program Files (x86)\COSMIC\CXSTM8_EVAL\Lib\libm0.sm8)ltor.o:
start 000088c6 end 000088d8 length    18 section .text
start 00000428 end 00000457 length    47 section .info.

(C:\Program Files (x86)\COSMIC\CXSTM8_EVAL\Lib\libm0.sm8)ludiv.o:
start 000088d8 end 000088ec length    20 section .text
start 00000457 end 00000487 length    48 section .info.

(C:\Program Files (x86)\COSMIC\CXSTM8_EVAL\Lib\libm0.sm8)ldiv.o:
start 000088ec end 000089d7 length   235 section .text
start 00000487 end 000004b6 length    47 section .info.

(C:\Program Files (x86)\COSMIC\CXSTM8_EVAL\Lib\libm0.sm8)lgneg.o:
start 000089d7 end 000089ea length    19 section .text
start 000004b6 end 000004e6 length    48 section .info.

(C:\Program Files (x86)\COSMIC\CXSTM8_EVAL\Lib\libm0.sm8)lneg.o:
start 000089ea end 000089ff length    21 section .text
start 000004e6 end 00000515 length    47 section .info.

(C:\Program Files (x86)\COSMIC\CXSTM8_EVAL\Lib\libm0.sm8)lursh.o:
start 000089ff end 00008a0e length    15 section .text
start 00000515 end 00000545 length    48 section .info.

(C:\Program Files (x86)\COSMIC\CXSTM8_EVAL\Lib\libm0.sm8)rtol.o:
start 00008a0e end 00008a20 length    18 section .text
start 00000545 end 00000574 length    47 section .info.

(C:\Program Files (x86)\COSMIC\CXSTM8_EVAL\Lib\libm0.sm8)smul.o:
start 00008a20 end 00008a5f length    63 section .text
start 00000574 end 000005a3 length    47 section .info.

(C:\Program Files (x86)\COSMIC\CXSTM8_EVAL\Lib\libm0.sm8)xreg.o:
start 0000000c end 0000000f length     3 section .ubsct
start 000005a3 end 000005d2 length    47 section .info.

(C:\Program Files (x86)\COSMIC\CXSTM8_EVAL\Lib\libm0.sm8)yreg.o:
start 0000000f end 00000012 length     3 section .ubsct
start 000005d2 end 00000601 length    47 section .info.

Debug\stm8_interrupt_vector.o:
start 00008c0a end 00008d75 length   363 section .debug
start 00000601 end 0000068f length   142 section .info.
start 00008a5f end 00008a60 length     1 section .text
start 00008000 end 00008080 length   128 section .const


                             -----------
                             Stack usage
                             -----------

Debug\main.o:
_main                        >   50   (2)
_uartTransmit                     8   (3)
f_tim1Update                 >   24   (16)
f_uartReceive                >   14   (12)

Debug\stm8_interrupt_vector.o:
f_NonHandledInterrupt        >    6   (6)

Debug\stm8s_adc1.o:
_ADC1_Cmd                         2   (2)
_ADC1_ConversionConfig            5   (5)
_ADC1_DeInit                      2   (2)
_ADC1_ExternalTriggerConfig       4   (4)
_ADC1_GetConversionValue          7   (7)
_ADC1_Init                       15   (10)
_ADC1_PrescalerConfig             3   (3)
_ADC1_SchmittTriggerConfig        4   (4)
_ADC1_StartConversion             2   (2)

Debug\stm8s_clk.o:
_CLK_GetClockFreq                25   (11)
_CLK_HSIPrescalerConfig           3   (3)

Debug\stm8s_gpio.o:
_GPIO_Init                        6   (6)
_GPIO_WriteHigh                   5   (5)
_GPIO_WriteLow                    5   (5)

Debug\stm8s_tim1.o:
_TIM1_ClearITPendingBit           2   (2)
_TIM1_Cmd                         2   (2)
_TIM1_DeInit                      2   (2)
_TIM1_ITConfig                    4   (4)
_TIM1_TimeBaseInit                8   (8)

Debug\stm8s_uart1.o:
_UART1_ClearITPendingBit          2   (2)
_UART1_Cmd                        2   (2)
_UART1_DeInit                     2   (2)
_UART1_GetFlagStatus              5   (5)
_UART1_ITConfig                   7   (7)
_UART1_Init                      48   (23)
_UART1_ReceiveData8               2   (2)
_UART1_SendData8                  2   (2)

Stack size: 74


                              ---------
                              Call tree
                              ---------
   1 > __stext: (0)

   2 > _main: (2)
   3      + _ADC1_Cmd: (2)
   4      + _ADC1_DeInit: (2)
   5      + _ADC1_Init: (10)
   6      |    + _ADC1_ConversionConfig: (5)
   7      |    + _ADC1_ExternalTriggerConfig: (4)
   8      |    + _ADC1_PrescalerConfig: (3)
   9      |    + _ADC1_SchmittTriggerConfig: (4)
          | 
  10      + _ADC1_StartConversion: (2)
  11      + _CLK_HSIPrescalerConfig: (3)
  12      + _GPIO_Init: (6)
  13      + _TIM1_Cmd: (2)
  14      + _TIM1_DeInit: (2)
  15      + _TIM1_ITConfig: (4)
  16      + _TIM1_TimeBaseInit: (8)
  17      + _UART1_Cmd: (2)
  18      + _UART1_DeInit: (2)
  19      + _UART1_ITConfig: (7)
  20      + _UART1_Init: (23)
  21      |    + _CLK_GetClockFreq: (11)
          | 
       
  22 > f_NonHandledInterrupt: (6)

  23 > f_tim1Update: (16)
  24      + _ADC1_GetConversionValue: (7)
  25      + _GPIO_WriteHigh: (5)
  26      + _GPIO_WriteLow: (5)
  27      + _TIM1_ClearITPendingBit: (2)
  28      + _uartTransmit: (3)
  29      |    + _UART1_GetFlagStatus: (5)
  30      |    + _UART1_SendData8: (2)
          | 
       
  31 > f_uartReceive: (12)
  32      + _UART1_ClearITPendingBit: (2)
  33      + _UART1_ReceiveData8: (2)
       
  34   _ADC1_Cmd --> 3

  35   _ADC1_ConversionConfig --> 6

  36   _ADC1_DeInit --> 4

  37   _ADC1_ExternalTriggerConfig --> 7

  38   _ADC1_GetConversionValue --> 24

  39   _ADC1_Init --> 5

  40   _ADC1_PrescalerConfig --> 8

  41   _ADC1_SchmittTriggerConfig --> 9

  42   _ADC1_StartConversion --> 10

  43   _CLK_GetClockFreq --> 21

  44   _CLK_HSIPrescalerConfig --> 11

  45   _GPIO_Init --> 12

  46   _GPIO_WriteHigh --> 25

  47   _GPIO_WriteLow --> 26

  48   _TIM1_ClearITPendingBit --> 27

  49   _TIM1_Cmd --> 13

  50   _TIM1_DeInit --> 14

  51   _TIM1_ITConfig --> 15

  52   _TIM1_TimeBaseInit --> 16

  53   _UART1_ClearITPendingBit --> 32

  54   _UART1_Cmd --> 17

  55   _UART1_DeInit --> 18

  56   _UART1_GetFlagStatus --> 29

  57   _UART1_ITConfig --> 19

  58   _UART1_Init --> 20

  59   _UART1_ReceiveData8 --> 33

  60   _UART1_SendData8 --> 30

  61   _uartTransmit --> 28



                               -------
                               Symbols
                               -------

_targetAdcCount                  00000000   defined in Debug\main.o section .bsct, initialized
_programStatus                   00000001   defined in Debug\main.o section .bsct, initialized
_programTime                     00000002   defined in Debug\main.o section .bsct, initialized
_adcData                         00000006   defined in Debug\main.o section .ubsct
_uartData                        00000007   defined in Debug\main.o section .ubsct
c_lreg                           00000008   defined in (C:\Program Files (x86)\COSMIC\CXSTM8_EVAL\Lib\libm0.sm8)lreg.o section .ubsct
                                            used in Debug\stm8s_clk.o
                                                    Debug\stm8s_uart1.o
                                                    Debug\main.o
                                                    (C:\Program Files (x86)\COSMIC\CXSTM8_EVAL\Lib\libm0.sm8)lcmp.o
                                                    (C:\Program Files (x86)\COSMIC\CXSTM8_EVAL\Lib\libm0.sm8)llsh.o
                                                    (C:\Program Files (x86)\COSMIC\CXSTM8_EVAL\Lib\libm0.sm8)lsub.o
                                                    (C:\Program Files (x86)\COSMIC\CXSTM8_EVAL\Lib\libm0.sm8)ltor.o
                                                    (C:\Program Files (x86)\COSMIC\CXSTM8_EVAL\Lib\libm0.sm8)ldiv.o
                                                    (C:\Program Files (x86)\COSMIC\CXSTM8_EVAL\Lib\libm0.sm8)lneg.o
                                                    (C:\Program Files (x86)\COSMIC\CXSTM8_EVAL\Lib\libm0.sm8)lursh.o
                                                    (C:\Program Files (x86)\COSMIC\CXSTM8_EVAL\Lib\libm0.sm8)rtol.o
                                                    (C:\Program Files (x86)\COSMIC\CXSTM8_EVAL\Lib\libm0.sm8)smul.o
c_x                              0000000c   defined in (C:\Program Files (x86)\COSMIC\CXSTM8_EVAL\Lib\libm0.sm8)xreg.o section .ubsct
                                            used in C:\Program Files (x86)\COSMIC\CXSTM8_EVAL\Lib\crtsi0.sm8
                                                    Debug\main.o
                                                    (C:\Program Files (x86)\COSMIC\CXSTM8_EVAL\Lib\libm0.sm8)ldiv.o
c_y                              0000000f   defined in (C:\Program Files (x86)\COSMIC\CXSTM8_EVAL\Lib\libm0.sm8)yreg.o section .ubsct
                                            used in C:\Program Files (x86)\COSMIC\CXSTM8_EVAL\Lib\crtsi0.sm8
                                                    Debug\main.o
__endzp                          00000012   defined in command file section .ubsct
                                            used in C:\Program Files (x86)\COSMIC\CXSTM8_EVAL\Lib\crtsi0.sm8
__startmem                       00000100   defined in command file section .bss
                                            *** not used ***
__memory                         00000100   defined in command file section .bss
                                            used in C:\Program Files (x86)\COSMIC\CXSTM8_EVAL\Lib\crtsi0.sm8
__endmem                         000001ff   defined in command file
                                            *** not used ***
__stack                          000003ff   defined in command file
                                            used in C:\Program Files (x86)\COSMIC\CXSTM8_EVAL\Lib\crtsi0.sm8
__vectab                         00008000   defined in Debug\stm8_interrupt_vector.o section .const
_HSIDivFactor                    00008080   defined in Debug\stm8s_clk.o section .const
_CLKPrescTable                   00008084   defined in Debug\stm8s_clk.o section .const
__idesc__                        0000809c   defined in linker section .init
                                            used in C:\Program Files (x86)\COSMIC\CXSTM8_EVAL\Lib\crtsi0.sm8
__stext                          000080aa   defined in C:\Program Files (x86)\COSMIC\CXSTM8_EVAL\Lib\crtsi0.sm8 section .text
                                            used in Debug\stm8_interrupt_vector.o
_exit                            000080f3   defined in C:\Program Files (x86)\COSMIC\CXSTM8_EVAL\Lib\crtsi0.sm8 section .text
_ADC1_DeInit                     000080f5   defined in Debug\stm8s_adc1.o section .text
                                            used in Debug\main.o
_ADC1_Init                       00008126   defined in Debug\stm8s_adc1.o section .text
                                            used in Debug\main.o
_ADC1_Cmd                        00008150   defined in Debug\stm8s_adc1.o section .text
                                            used in Debug\main.o
_ADC1_PrescalerConfig            0000815e   defined in Debug\stm8s_adc1.o section .text
_ADC1_ITConfig                   ********   *** removed from Debug\stm8s_adc1.o ***
_ADC1_ScanModeCmd                ********   *** removed from Debug\stm8s_adc1.o ***
_ADC1_DataBufferCmd              ********   *** removed from Debug\stm8s_adc1.o ***
_ADC1_SchmittTriggerConfig       00008171   defined in Debug\stm8s_adc1.o section .text
_ADC1_ConversionConfig           000081ff   defined in Debug\stm8s_adc1.o section .text
_ADC1_ExternalTriggerConfig      0000822d   defined in Debug\stm8s_adc1.o section .text
_ADC1_StartConversion            0000824e   defined in Debug\stm8s_adc1.o section .text
                                            used in Debug\main.o
_ADC1_GetConversionValue         00008253   defined in Debug\stm8s_adc1.o section .text
                                            used in Debug\main.o
_ADC1_ClearITPendingBit          ********   *** removed from Debug\stm8s_adc1.o ***
_CLK_DeInit                      ********   *** removed from Debug\stm8s_clk.o ***
_ADC1_AWDChannelConfig           ********   *** removed from Debug\stm8s_adc1.o ***
_CLK_PeripheralClockConfig       ********   *** removed from Debug\stm8s_clk.o ***
_CLK_ClockSwitchConfig           ********   *** removed from Debug\stm8s_clk.o ***
_CLK_HSIPrescalerConfig          00008297   defined in Debug\stm8s_clk.o section .text
                                            used in Debug\main.o
_CLK_FastHaltWakeUpCmd           ********   *** removed from Debug\stm8s_clk.o ***
_CLK_HSECmd                      ********   *** removed from Debug\stm8s_clk.o ***
_CLK_HSICmd                      ********   *** removed from Debug\stm8s_clk.o ***
_CLK_LSICmd                      ********   *** removed from Debug\stm8s_clk.o ***
_CLK_CCOCmd                      ********   *** removed from Debug\stm8s_clk.o ***
_CLK_ClockSwitchCmd              ********   *** removed from Debug\stm8s_clk.o ***
_CLK_SlowActiveHaltWakeUpCmd     ********   *** removed from Debug\stm8s_clk.o ***
_ADC1_GetAWDChannelStatus        ********   *** removed from Debug\stm8s_adc1.o ***
_ADC1_GetFlagStatus              ********   *** removed from Debug\stm8s_adc1.o ***
_ADC1_GetITStatus                ********   *** removed from Debug\stm8s_adc1.o ***
_ADC1_SetHighThreshold           ********   *** removed from Debug\stm8s_adc1.o ***
_ADC1_SetLowThreshold            ********   *** removed from Debug\stm8s_adc1.o ***
_ADC1_GetBufferValue             ********   *** removed from Debug\stm8s_adc1.o ***
_ADC1_ClearFlag                  ********   *** removed from Debug\stm8s_adc1.o ***
_CLK_ClockSecuritySystemEnable   ********   *** removed from Debug\stm8s_clk.o ***
_CLK_GetClockFreq                000082aa   defined in Debug\stm8s_clk.o section .text
                                            used in Debug\stm8s_uart1.o
_CLK_GetSYSCLKSource             ********   *** removed from Debug\stm8s_clk.o ***
_CLK_CCOConfig                   ********   *** removed from Debug\stm8s_clk.o ***
_CLK_ITConfig                    ********   *** removed from Debug\stm8s_clk.o ***
_CLK_SYSCLKConfig                ********   *** removed from Debug\stm8s_clk.o ***
_CLK_SWIMConfig                  ********   *** removed from Debug\stm8s_clk.o ***
_CLK_SYSCLKEmergencyClear        ********   *** removed from Debug\stm8s_clk.o ***
_CLK_ClearITPendingBit           ********   *** removed from Debug\stm8s_clk.o ***
_GPIO_DeInit                     ********   *** removed from Debug\stm8s_gpio.o ***
_GPIO_Init                       0000831e   defined in Debug\stm8s_gpio.o section .text
                                            used in Debug\main.o
_CLK_GetFlagStatus               ********   *** removed from Debug\stm8s_clk.o ***
_CLK_GetITStatus                 ********   *** removed from Debug\stm8s_clk.o ***
_CLK_AdjustHSICalibrationValue   ********   *** removed from Debug\stm8s_clk.o ***
_GPIO_WriteHigh                  00008386   defined in Debug\stm8s_gpio.o section .text
                                            used in Debug\main.o
_GPIO_Write                      ********   *** removed from Debug\stm8s_gpio.o ***
_GPIO_WriteLow                   0000838d   defined in Debug\stm8s_gpio.o section .text
                                            used in Debug\main.o
_GPIO_ReadOutputData             ********   *** removed from Debug\stm8s_gpio.o ***
_GPIO_ReadInputData              ********   *** removed from Debug\stm8s_gpio.o ***
_GPIO_WriteReverse               ********   *** removed from Debug\stm8s_gpio.o ***
_GPIO_ReadInputPin               ********   *** removed from Debug\stm8s_gpio.o ***
_TIM1_DeInit                     00008395   defined in Debug\stm8s_tim1.o section .text
                                            used in Debug\main.o
_GPIO_ExternalPullUpConfig       ********   *** removed from Debug\stm8s_gpio.o ***
_TIM1_TimeBaseInit               0000842e   defined in Debug\stm8s_tim1.o section .text
                                            used in Debug\main.o
_TIM1_OC1Init                    ********   *** removed from Debug\stm8s_tim1.o ***
_TIM1_OC2Init                    ********   *** removed from Debug\stm8s_tim1.o ***
_TIM1_OC3Init                    ********   *** removed from Debug\stm8s_tim1.o ***
_TIM1_OC4Init                    ********   *** removed from Debug\stm8s_tim1.o ***
_TIM1_ICInit                     ********   *** removed from Debug\stm8s_tim1.o ***
_TIM1_BDTRConfig                 ********   *** removed from Debug\stm8s_tim1.o ***
_TIM1_PWMIConfig                 ********   *** removed from Debug\stm8s_tim1.o ***
_TIM1_Cmd                        00008452   defined in Debug\stm8s_tim1.o section .text
                                            used in Debug\main.o
_TIM1_CtrlPWMOutputs             ********   *** removed from Debug\stm8s_tim1.o ***
_TIM1_ITConfig                   00008460   defined in Debug\stm8s_tim1.o section .text
                                            used in Debug\main.o
_TIM1_SetAutoreload              ********   *** removed from Debug\stm8s_tim1.o ***
_TIM1_SetCompare1                ********   *** removed from Debug\stm8s_tim1.o ***
_TIM1_GetCapture1                ********   *** removed from Debug\stm8s_tim1.o ***
_TIM1_SetCompare2                ********   *** removed from Debug\stm8s_tim1.o ***
_TIM1_GetCapture2                ********   *** removed from Debug\stm8s_tim1.o ***
_TIM1_SetCompare3                ********   *** removed from Debug\stm8s_tim1.o ***
_TIM1_GetCapture3                ********   *** removed from Debug\stm8s_tim1.o ***
_TIM1_SetCompare4                ********   *** removed from Debug\stm8s_tim1.o ***
_TIM1_GetCapture4                ********   *** removed from Debug\stm8s_tim1.o ***
_TIM1_SelectOCxM                 ********   *** removed from Debug\stm8s_tim1.o ***
_TIM1_SetIC1Prescaler            ********   *** removed from Debug\stm8s_tim1.o ***
_TIM1_SetIC2Prescaler            ********   *** removed from Debug\stm8s_tim1.o ***
_TIM1_SetIC3Prescaler            ********   *** removed from Debug\stm8s_tim1.o ***
_TIM1_SetIC4Prescaler            ********   *** removed from Debug\stm8s_tim1.o ***
_TIM1_SetCounter                 ********   *** removed from Debug\stm8s_tim1.o ***
_TIM1_GetCounter                 ********   *** removed from Debug\stm8s_tim1.o ***
_TIM1_GetPrescaler               ********   *** removed from Debug\stm8s_tim1.o ***
_TIM1_SelectHallSensor           ********   *** removed from Debug\stm8s_tim1.o ***
_TIM1_GenerateEvent              ********   *** removed from Debug\stm8s_tim1.o ***
_TIM1_SelectCOM                  ********   *** removed from Debug\stm8s_tim1.o ***
_TIM1_SelectInputTrigger         ********   *** removed from Debug\stm8s_tim1.o ***
_TIM1_SelectOutputTrigger        ********   *** removed from Debug\stm8s_tim1.o ***
_TIM1_CCPreloadControl           ********   *** removed from Debug\stm8s_tim1.o ***
_TIM1_SelectOnePulseMode         ********   *** removed from Debug\stm8s_tim1.o ***
_TIM1_SelectSlaveMode            ********   *** removed from Debug\stm8s_tim1.o ***
_TIM1_SelectMasterSlaveMode      ********   *** removed from Debug\stm8s_tim1.o ***
_TIM1_ClearITPendingBit          00008479   defined in Debug\stm8s_tim1.o section .text
                                            used in Debug\main.o
_TIM1_InternalClockConfig        ********   *** removed from Debug\stm8s_tim1.o ***
_TIM1_ETRClockMode1Config        ********   *** removed from Debug\stm8s_tim1.o ***
_TIM1_ETRConfig                  ********   *** removed from Debug\stm8s_tim1.o ***
_TIM1_ETRClockMode2Config        ********   *** removed from Debug\stm8s_tim1.o ***
_TIM1_TIxExternalClockConfig     ********   *** removed from Debug\stm8s_tim1.o ***
_TIM1_UpdateDisableConfig        ********   *** removed from Debug\stm8s_tim1.o ***
_TIM1_UpdateRequestConfig        ********   *** removed from Debug\stm8s_tim1.o ***
_TIM1_EncoderInterfaceConfig     ********   *** removed from Debug\stm8s_tim1.o ***
_TIM1_PrescalerConfig            ********   *** removed from Debug\stm8s_tim1.o ***
_TIM1_CounterModeConfig          ********   *** removed from Debug\stm8s_tim1.o ***
_TIM1_ForcedOC1Config            ********   *** removed from Debug\stm8s_tim1.o ***
_TIM1_ForcedOC2Config            ********   *** removed from Debug\stm8s_tim1.o ***
_TIM1_ForcedOC3Config            ********   *** removed from Debug\stm8s_tim1.o ***
_TIM1_ForcedOC4Config            ********   *** removed from Debug\stm8s_tim1.o ***
_TIM1_ARRPreloadConfig           ********   *** removed from Debug\stm8s_tim1.o ***
_TIM1_OC1PreloadConfig           ********   *** removed from Debug\stm8s_tim1.o ***
_TIM1_OC2PreloadConfig           ********   *** removed from Debug\stm8s_tim1.o ***
_TIM1_OC3PreloadConfig           ********   *** removed from Debug\stm8s_tim1.o ***
_TIM1_OC4PreloadConfig           ********   *** removed from Debug\stm8s_tim1.o ***
_TIM1_OC1FastConfig              ********   *** removed from Debug\stm8s_tim1.o ***
_TIM1_OC2FastConfig              ********   *** removed from Debug\stm8s_tim1.o ***
_TIM1_OC3FastConfig              ********   *** removed from Debug\stm8s_tim1.o ***
_TIM1_OC4FastConfig              ********   *** removed from Debug\stm8s_tim1.o ***
_TIM1_OC1PolarityConfig          ********   *** removed from Debug\stm8s_tim1.o ***
_TIM1_OC1NPolarityConfig         ********   *** removed from Debug\stm8s_tim1.o ***
_TIM1_OC2PolarityConfig          ********   *** removed from Debug\stm8s_tim1.o ***
_TIM1_OC2NPolarityConfig         ********   *** removed from Debug\stm8s_tim1.o ***
_TIM1_OC3PolarityConfig          ********   *** removed from Debug\stm8s_tim1.o ***
_TIM1_OC3NPolarityConfig         ********   *** removed from Debug\stm8s_tim1.o ***
_TIM1_OC4PolarityConfig          ********   *** removed from Debug\stm8s_tim1.o ***
_TIM1_CCxCmd                     ********   *** removed from Debug\stm8s_tim1.o ***
_TIM1_CCxNCmd                    ********   *** removed from Debug\stm8s_tim1.o ***
_TIM1_GetFlagStatus              ********   *** removed from Debug\stm8s_tim1.o ***
_TIM1_GetITStatus                ********   *** removed from Debug\stm8s_tim1.o ***
_TIM1_ClearFlag                  ********   *** removed from Debug\stm8s_tim1.o ***
_UART1_DeInit                    0000847e   defined in Debug\stm8s_uart1.o section .text
                                            used in Debug\main.o
_UART1_Init                      000084a9   defined in Debug\stm8s_uart1.o section .text
                                            used in Debug\main.o
_UART1_Cmd                       000085e9   defined in Debug\stm8s_uart1.o section .text
                                            used in Debug\main.o
_UART1_ITConfig                  000085f7   defined in Debug\stm8s_uart1.o section .text
                                            used in Debug\main.o
_UART1_IrDAConfig                ********   *** removed from Debug\stm8s_uart1.o ***
_UART1_LINBreakDetectionConfig   ********   *** removed from Debug\stm8s_uart1.o ***
_UART1_WakeUpConfig              ********   *** removed from Debug\stm8s_uart1.o ***
_UART1_HalfDuplexCmd             ********   *** removed from Debug\stm8s_uart1.o ***
_UART1_IrDACmd                   ********   *** removed from Debug\stm8s_uart1.o ***
_UART1_LINCmd                    ********   *** removed from Debug\stm8s_uart1.o ***
_UART1_SmartCardCmd              ********   *** removed from Debug\stm8s_uart1.o ***
_UART1_SmartCardNACKCmd          ********   *** removed from Debug\stm8s_uart1.o ***
_UART1_ReceiverWakeUpCmd         ********   *** removed from Debug\stm8s_uart1.o ***
_UART1_ReceiveData8              00008668   defined in Debug\stm8s_uart1.o section .text
                                            used in Debug\main.o
_UART1_ReceiveData9              ********   *** removed from Debug\stm8s_uart1.o ***
_UART1_SendData8                 0000866c   defined in Debug\stm8s_uart1.o section .text
                                            used in Debug\main.o
_UART1_SendBreak                 ********   *** removed from Debug\stm8s_uart1.o ***
_UART1_SetAddress                ********   *** removed from Debug\stm8s_uart1.o ***
_UART1_SetPrescaler              ********   *** removed from Debug\stm8s_uart1.o ***
_UART1_SendData9                 ********   *** removed from Debug\stm8s_uart1.o ***
_UART1_GetFlagStatus             00008670   defined in Debug\stm8s_uart1.o section .text
                                            used in Debug\main.o
_UART1_SetGuardTime              ********   *** removed from Debug\stm8s_uart1.o ***
_UART1_ClearITPendingBit         000086b3   defined in Debug\stm8s_uart1.o section .text
                                            used in Debug\main.o
_UART1_GetITStatus               ********   *** removed from Debug\stm8s_uart1.o ***
_UART1_ClearFlag                 ********   *** removed from Debug\stm8s_uart1.o ***
_uartTransmit                    000086c3   defined in Debug\main.o section .text
f_uartReceive                    000086d4   defined in Debug\main.o section .text
                                            used in Debug\stm8_interrupt_vector.o
f_tim1Update                     000086fe   defined in Debug\main.o section .text
                                            used in Debug\stm8_interrupt_vector.o
_main                            000087f7   defined in Debug\main.o section .text
                                            used in C:\Program Files (x86)\COSMIC\CXSTM8_EVAL\Lib\crtsi0.sm8
c_lcmp                           0000886f   defined in (C:\Program Files (x86)\COSMIC\CXSTM8_EVAL\Lib\libm0.sm8)lcmp.o section .text
                                            used in Debug\main.o
c_lgadc                          0000888f   defined in (C:\Program Files (x86)\COSMIC\CXSTM8_EVAL\Lib\libm0.sm8)lgadc.o section .text
                                            used in Debug\main.o
c_llsh                           0000889f   defined in (C:\Program Files (x86)\COSMIC\CXSTM8_EVAL\Lib\libm0.sm8)llsh.o section .text
                                            used in Debug\stm8s_uart1.o
c_lsub                           000088ae   defined in (C:\Program Files (x86)\COSMIC\CXSTM8_EVAL\Lib\libm0.sm8)lsub.o section .text
                                            used in Debug\stm8s_uart1.o
c_ltor                           000088c6   defined in (C:\Program Files (x86)\COSMIC\CXSTM8_EVAL\Lib\libm0.sm8)ltor.o section .text
                                            used in Debug\stm8s_clk.o
                                                    Debug\stm8s_uart1.o
                                                    Debug\main.o
c_ludv                           000088d8   defined in (C:\Program Files (x86)\COSMIC\CXSTM8_EVAL\Lib\libm0.sm8)ludiv.o section .text
                                            used in Debug\stm8s_clk.o
                                                    Debug\stm8s_uart1.o
c_divsl                          000088ec   defined in (C:\Program Files (x86)\COSMIC\CXSTM8_EVAL\Lib\libm0.sm8)ldiv.o section .text
                                            *** not used ***
c_divul                          00008903   defined in (C:\Program Files (x86)\COSMIC\CXSTM8_EVAL\Lib\libm0.sm8)ldiv.o section .text
                                            used in (C:\Program Files (x86)\COSMIC\CXSTM8_EVAL\Lib\libm0.sm8)ludiv.o
c_lgneg                          000089d7   defined in (C:\Program Files (x86)\COSMIC\CXSTM8_EVAL\Lib\libm0.sm8)lgneg.o section .text
                                            used in (C:\Program Files (x86)\COSMIC\CXSTM8_EVAL\Lib\libm0.sm8)ldiv.o
c_lneg                           000089ea   defined in (C:\Program Files (x86)\COSMIC\CXSTM8_EVAL\Lib\libm0.sm8)lneg.o section .text
                                            used in (C:\Program Files (x86)\COSMIC\CXSTM8_EVAL\Lib\libm0.sm8)ldiv.o
c_lursh                          000089ff   defined in (C:\Program Files (x86)\COSMIC\CXSTM8_EVAL\Lib\libm0.sm8)lursh.o section .text
                                            used in Debug\stm8s_uart1.o
c_rtol                           00008a0e   defined in (C:\Program Files (x86)\COSMIC\CXSTM8_EVAL\Lib\libm0.sm8)rtol.o section .text
                                            used in Debug\stm8s_clk.o
                                                    Debug\stm8s_uart1.o
c_smul                           00008a20   defined in (C:\Program Files (x86)\COSMIC\CXSTM8_EVAL\Lib\libm0.sm8)smul.o section .text
                                            used in Debug\stm8s_uart1.o
f_NonHandledInterrupt            00008a5f   defined in Debug\stm8_interrupt_vector.o section .text
